// Jest Snapshot v1, https://goo.gl/fbAQLP

exports[`snapshot test of LandingPage 1`] = `
<div
  className="background-image landing-layout"
>
  <div
    className="button-container flex-container flex-justify-content-space-around"
  >
    <a
      className="link-button font-small"
      href="/signin"
      onClick={[Function]}
    >
      LOGIN
    </a>
    <a
      className="link-button font-small"
      href="/signup"
      onClick={[Function]}
    >
      REGISTER
    </a>
  </div>
</div>
`;
